// Jest Snapshot v1, https://goo.gl/fbAQLP

exports[`<App /> matches the snap shot 1`] = `
<Fragment>
  <h3
    className="title"
  >
    I'm the app component
  </h3>
  <h2>
    Hey there
  </h2>
  <h3 />
  <SubTitle
    text="hey <3"
  />
</Fragment>
`;
